==2995387== Memcheck, a memory error detector
==2995387== Copyright (C) 2002-2017, and GNU GPL'd, by Julian Seward et al.
==2995387== Using Valgrind-3.18.1 and LibVEX; rerun with -h for copyright info
==2995387== Command: ./miniRT test_sphere_single.rt
==2995387== Parent PID: 2922193
==2995387== 
==2995387== Invalid read of size 8
==2995387==    at 0x40286A8: strncmp (strcmp.S:172)
==2995387==    by 0x400668D: is_dst (dl-load.c:216)
==2995387==    by 0x400810E: _dl_dst_count (dl-load.c:253)
==2995387==    by 0x400810E: expand_dynamic_string_token (dl-load.c:395)
==2995387==    by 0x40082B7: fillin_rpath.isra.0 (dl-load.c:483)
==2995387==    by 0x4008602: decompose_rpath (dl-load.c:654)
==2995387==    by 0x400ABF5: cache_rpath (dl-load.c:696)
==2995387==    by 0x400ABF5: cache_rpath (dl-load.c:677)
==2995387==    by 0x400ABF5: _dl_map_object (dl-load.c:2165)
==2995387==    by 0x4003494: openaux (dl-deps.c:64)
==2995387==    by 0x4B33B07: _dl_catch_exception (dl-error-skeleton.c:208)
==2995387==    by 0x4003C7B: _dl_map_object_deps (dl-deps.c:248)
==2995387==    by 0x400EA0E: dl_open_worker_begin (dl-open.c:592)
==2995387==    by 0x4B33B07: _dl_catch_exception (dl-error-skeleton.c:208)
==2995387==    by 0x400DF99: dl_open_worker (dl-open.c:782)
==2995387==  Address 0x4faf6e9 is 9 bytes inside a block of size 15 alloc'd
==2995387==    at 0x4848899: malloc (in /usr/libexec/valgrind/vgpreload_memcheck-amd64-linux.so)
==2995387==    by 0x40271DF: malloc (rtld-malloc.h:56)
==2995387==    by 0x40271DF: strdup (strdup.c:42)
==2995387==    by 0x4008594: decompose_rpath (dl-load.c:629)
==2995387==    by 0x400ABF5: cache_rpath (dl-load.c:696)
==2995387==    by 0x400ABF5: cache_rpath (dl-load.c:677)
==2995387==    by 0x400ABF5: _dl_map_object (dl-load.c:2165)
==2995387==    by 0x4003494: openaux (dl-deps.c:64)
==2995387==    by 0x4B33B07: _dl_catch_exception (dl-error-skeleton.c:208)
==2995387==    by 0x4003C7B: _dl_map_object_deps (dl-deps.c:248)
==2995387==    by 0x400EA0E: dl_open_worker_begin (dl-open.c:592)
==2995387==    by 0x4B33B07: _dl_catch_exception (dl-error-skeleton.c:208)
==2995387==    by 0x400DF99: dl_open_worker (dl-open.c:782)
==2995387==    by 0x4B33B07: _dl_catch_exception (dl-error-skeleton.c:208)
==2995387==    by 0x400E34D: _dl_open (dl-open.c:883)
==2995387== 
{
   <insert_a_suppression_name_here>
   Memcheck:Addr8
   fun:strncmp
   fun:is_dst
   fun:_dl_dst_count
   fun:expand_dynamic_string_token
   fun:fillin_rpath.isra.0
   fun:decompose_rpath
   fun:cache_rpath
   fun:cache_rpath
   fun:_dl_map_object
   fun:openaux
   fun:_dl_catch_exception
   fun:_dl_map_object_deps
   fun:dl_open_worker_begin
   fun:_dl_catch_exception
   fun:dl_open_worker
}
==2995387== Invalid read of size 8
==2995387==    at 0x40286A8: strncmp (strcmp.S:172)
==2995387==    by 0x400668D: is_dst (dl-load.c:216)
==2995387==    by 0x4007F79: _dl_dst_substitute (dl-load.c:295)
==2995387==    by 0x40082B7: fillin_rpath.isra.0 (dl-load.c:483)
==2995387==    by 0x4008602: decompose_rpath (dl-load.c:654)
==2995387==    by 0x400ABF5: cache_rpath (dl-load.c:696)
==2995387==    by 0x400ABF5: cache_rpath (dl-load.c:677)
==2995387==    by 0x400ABF5: _dl_map_object (dl-load.c:2165)
==2995387==    by 0x4003494: openaux (dl-deps.c:64)
==2995387==    by 0x4B33B07: _dl_catch_exception (dl-error-skeleton.c:208)
==2995387==    by 0x4003C7B: _dl_map_object_deps (dl-deps.c:248)
==2995387==    by 0x400EA0E: dl_open_worker_begin (dl-open.c:592)
==2995387==    by 0x4B33B07: _dl_catch_exception (dl-error-skeleton.c:208)
==2995387==    by 0x400DF99: dl_open_worker (dl-open.c:782)
==2995387==  Address 0x4faf6e9 is 9 bytes inside a block of size 15 alloc'd
==2995387==    at 0x4848899: malloc (in /usr/libexec/valgrind/vgpreload_memcheck-amd64-linux.so)
==2995387==    by 0x40271DF: malloc (rtld-malloc.h:56)
==2995387==    by 0x40271DF: strdup (strdup.c:42)
==2995387==    by 0x4008594: decompose_rpath (dl-load.c:629)
==2995387==    by 0x400ABF5: cache_rpath (dl-load.c:696)
==2995387==    by 0x400ABF5: cache_rpath (dl-load.c:677)
==2995387==    by 0x400ABF5: _dl_map_object (dl-load.c:2165)
==2995387==    by 0x4003494: openaux (dl-deps.c:64)
==2995387==    by 0x4B33B07: _dl_catch_exception (dl-error-skeleton.c:208)
==2995387==    by 0x4003C7B: _dl_map_object_deps (dl-deps.c:248)
==2995387==    by 0x400EA0E: dl_open_worker_begin (dl-open.c:592)
==2995387==    by 0x4B33B07: _dl_catch_exception (dl-error-skeleton.c:208)
==2995387==    by 0x400DF99: dl_open_worker (dl-open.c:782)
==2995387==    by 0x4B33B07: _dl_catch_exception (dl-error-skeleton.c:208)
==2995387==    by 0x400E34D: _dl_open (dl-open.c:883)
==2995387== 
{
   <insert_a_suppression_name_here>
   Memcheck:Addr8
   fun:strncmp
   fun:is_dst
   fun:_dl_dst_substitute
   fun:fillin_rpath.isra.0
   fun:decompose_rpath
   fun:cache_rpath
   fun:cache_rpath
   fun:_dl_map_object
   fun:openaux
   fun:_dl_catch_exception
   fun:_dl_map_object_deps
   fun:dl_open_worker_begin
   fun:_dl_catch_exception
   fun:dl_open_worker
}
==2995387== Thread 9:
==2995387== Conditional jump or move depends on uninitialised value(s)
==2995387==    at 0x409EB3: ft_sqrt (in /home/thblack-/projects/rank04/miniRT/miniRT_public/miniRT)
==2995387==    by 0x404254: normalize_apply (in /home/thblack-/projects/rank04/miniRT/miniRT_public/miniRT)
==2995387==    by 0x40666C: sphere_normal_get (in /home/thblack-/projects/rank04/miniRT/miniRT_public/miniRT)
==2995387==    by 0x408D7B: normal_get (in /home/thblack-/projects/rank04/miniRT/miniRT_public/miniRT)
==2995387==    by 0x408802: hit_shade (in /home/thblack-/projects/rank04/miniRT/miniRT_public/miniRT)
==2995387==    by 0x404C09: ray_trace (in /home/thblack-/projects/rank04/miniRT/miniRT_public/miniRT)
==2995387==    by 0x4086CC: thread_routine (in /home/thblack-/projects/rank04/miniRT/miniRT_public/miniRT)
==2995387==    by 0x4A53AC2: start_thread (pthread_create.c:442)
==2995387==    by 0x4AE4A73: clone (clone.S:100)
==2995387==  Uninitialised value was created by a stack allocation
==2995387==    at 0x404AB0: position_get (in /home/thblack-/projects/rank04/miniRT/miniRT_public/miniRT)
==2995387== 
{
   <insert_a_suppression_name_here>
   Memcheck:Cond
   fun:ft_sqrt
   fun:normalize_apply
   fun:sphere_normal_get
   fun:normal_get
   fun:hit_shade
   fun:ray_trace
   fun:thread_routine
   fun:start_thread
   fun:clone
}
==2995387== Conditional jump or move depends on uninitialised value(s)
==2995387==    at 0x40426E: normalize_apply (in /home/thblack-/projects/rank04/miniRT/miniRT_public/miniRT)
==2995387==    by 0x40666C: sphere_normal_get (in /home/thblack-/projects/rank04/miniRT/miniRT_public/miniRT)
==2995387==    by 0x408D7B: normal_get (in /home/thblack-/projects/rank04/miniRT/miniRT_public/miniRT)
==2995387==    by 0x408802: hit_shade (in /home/thblack-/projects/rank04/miniRT/miniRT_public/miniRT)
==2995387==    by 0x404C09: ray_trace (in /home/thblack-/projects/rank04/miniRT/miniRT_public/miniRT)
==2995387==    by 0x4086CC: thread_routine (in /home/thblack-/projects/rank04/miniRT/miniRT_public/miniRT)
==2995387==    by 0x4A53AC2: start_thread (pthread_create.c:442)
==2995387==    by 0x4AE4A73: clone (clone.S:100)
==2995387==  Uninitialised value was created by a stack allocation
==2995387==    at 0x404AB0: position_get (in /home/thblack-/projects/rank04/miniRT/miniRT_public/miniRT)
==2995387== 
{
   <insert_a_suppression_name_here>
   Memcheck:Cond
   fun:normalize_apply
   fun:sphere_normal_get
   fun:normal_get
   fun:hit_shade
   fun:ray_trace
   fun:thread_routine
   fun:start_thread
   fun:clone
}
==2995387== Conditional jump or move depends on uninitialised value(s)
==2995387==    at 0x408896: hit_shade (in /home/thblack-/projects/rank04/miniRT/miniRT_public/miniRT)
==2995387==    by 0x404C09: ray_trace (in /home/thblack-/projects/rank04/miniRT/miniRT_public/miniRT)
==2995387==    by 0x4086CC: thread_routine (in /home/thblack-/projects/rank04/miniRT/miniRT_public/miniRT)
==2995387==    by 0x4A53AC2: start_thread (pthread_create.c:442)
==2995387==    by 0x4AE4A73: clone (clone.S:100)
==2995387==  Uninitialised value was created by a stack allocation
==2995387==    at 0x404AB0: position_get (in /home/thblack-/projects/rank04/miniRT/miniRT_public/miniRT)
==2995387== 
{
   <insert_a_suppression_name_here>
   Memcheck:Cond
   fun:hit_shade
   fun:ray_trace
   fun:thread_routine
   fun:start_thread
   fun:clone
}
==2995387== Conditional jump or move depends on uninitialised value(s)
==2995387==    at 0x4067EF: sphere_intersect_math (in /home/thblack-/projects/rank04/miniRT/miniRT_public/miniRT)
==2995387==    by 0x4066E8: sphere_hit_get (in /home/thblack-/projects/rank04/miniRT/miniRT_public/miniRT)
==2995387==    by 0x408B33: is_shadowed (in /home/thblack-/projects/rank04/miniRT/miniRT_public/miniRT)
==2995387==    by 0x408831: hit_shade (in /home/thblack-/projects/rank04/miniRT/miniRT_public/miniRT)
==2995387==    by 0x404C09: ray_trace (in /home/thblack-/projects/rank04/miniRT/miniRT_public/miniRT)
==2995387==    by 0x4086CC: thread_routine (in /home/thblack-/projects/rank04/miniRT/miniRT_public/miniRT)
==2995387==    by 0x4A53AC2: start_thread (pthread_create.c:442)
==2995387==    by 0x4AE4A73: clone (clone.S:100)
==2995387==  Uninitialised value was created by a stack allocation
==2995387==    at 0x408A10: is_shadowed (in /home/thblack-/projects/rank04/miniRT/miniRT_public/miniRT)
==2995387== 
{
   <insert_a_suppression_name_here>
   Memcheck:Cond
   fun:sphere_intersect_math
   fun:sphere_hit_get
   fun:is_shadowed
   fun:hit_shade
   fun:ray_trace
   fun:thread_routine
   fun:start_thread
   fun:clone
}
==2995387== Conditional jump or move depends on uninitialised value(s)
==2995387==    at 0x409EB3: ft_sqrt (in /home/thblack-/projects/rank04/miniRT/miniRT_public/miniRT)
==2995387==    by 0x406817: sphere_intersect_math (in /home/thblack-/projects/rank04/miniRT/miniRT_public/miniRT)
==2995387==    by 0x4066E8: sphere_hit_get (in /home/thblack-/projects/rank04/miniRT/miniRT_public/miniRT)
==2995387==    by 0x408B33: is_shadowed (in /home/thblack-/projects/rank04/miniRT/miniRT_public/miniRT)
==2995387==    by 0x408831: hit_shade (in /home/thblack-/projects/rank04/miniRT/miniRT_public/miniRT)
==2995387==    by 0x404C09: ray_trace (in /home/thblack-/projects/rank04/miniRT/miniRT_public/miniRT)
==2995387==    by 0x4086CC: thread_routine (in /home/thblack-/projects/rank04/miniRT/miniRT_public/miniRT)
==2995387==    by 0x4A53AC2: start_thread (pthread_create.c:442)
==2995387==    by 0x4AE4A73: clone (clone.S:100)
==2995387==  Uninitialised value was created by a stack allocation
==2995387==    at 0x408A10: is_shadowed (in /home/thblack-/projects/rank04/miniRT/miniRT_public/miniRT)
==2995387== 
{
   <insert_a_suppression_name_here>
   Memcheck:Cond
   fun:ft_sqrt
   fun:sphere_intersect_math
   fun:sphere_hit_get
   fun:is_shadowed
   fun:hit_shade
   fun:ray_trace
   fun:thread_routine
   fun:start_thread
   fun:clone
}
==2995387== Conditional jump or move depends on uninitialised value(s)
==2995387==    at 0x409EB3: ft_sqrt (in /home/thblack-/projects/rank04/miniRT/miniRT_public/miniRT)
==2995387==    by 0x40685A: sphere_intersect_math (in /home/thblack-/projects/rank04/miniRT/miniRT_public/miniRT)
==2995387==    by 0x4066E8: sphere_hit_get (in /home/thblack-/projects/rank04/miniRT/miniRT_public/miniRT)
==2995387==    by 0x408B33: is_shadowed (in /home/thblack-/projects/rank04/miniRT/miniRT_public/miniRT)
==2995387==    by 0x408831: hit_shade (in /home/thblack-/projects/rank04/miniRT/miniRT_public/miniRT)
==2995387==    by 0x404C09: ray_trace (in /home/thblack-/projects/rank04/miniRT/miniRT_public/miniRT)
==2995387==    by 0x4086CC: thread_routine (in /home/thblack-/projects/rank04/miniRT/miniRT_public/miniRT)
==2995387==    by 0x4A53AC2: start_thread (pthread_create.c:442)
==2995387==    by 0x4AE4A73: clone (clone.S:100)
==2995387==  Uninitialised value was created by a stack allocation
==2995387==    at 0x408A10: is_shadowed (in /home/thblack-/projects/rank04/miniRT/miniRT_public/miniRT)
==2995387== 
{
   <insert_a_suppression_name_here>
   Memcheck:Cond
   fun:ft_sqrt
   fun:sphere_intersect_math
   fun:sphere_hit_get
   fun:is_shadowed
   fun:hit_shade
   fun:ray_trace
   fun:thread_routine
   fun:start_thread
   fun:clone
}
==2995387== Conditional jump or move depends on uninitialised value(s)
==2995387==    at 0x4066EB: sphere_hit_get (in /home/thblack-/projects/rank04/miniRT/miniRT_public/miniRT)
==2995387==    by 0x408B33: is_shadowed (in /home/thblack-/projects/rank04/miniRT/miniRT_public/miniRT)
==2995387==    by 0x408831: hit_shade (in /home/thblack-/projects/rank04/miniRT/miniRT_public/miniRT)
==2995387==    by 0x404C09: ray_trace (in /home/thblack-/projects/rank04/miniRT/miniRT_public/miniRT)
==2995387==    by 0x4086CC: thread_routine (in /home/thblack-/projects/rank04/miniRT/miniRT_public/miniRT)
==2995387==    by 0x4A53AC2: start_thread (pthread_create.c:442)
==2995387==    by 0x4AE4A73: clone (clone.S:100)
==2995387==  Uninitialised value was created by a stack allocation
==2995387==    at 0x408A10: is_shadowed (in /home/thblack-/projects/rank04/miniRT/miniRT_public/miniRT)
==2995387== 
{
   <insert_a_suppression_name_here>
   Memcheck:Cond
   fun:sphere_hit_get
   fun:is_shadowed
   fun:hit_shade
   fun:ray_trace
   fun:thread_routine
   fun:start_thread
   fun:clone
}
==2995387== Conditional jump or move depends on uninitialised value(s)
==2995387==    at 0x40890B: lighting (in /home/thblack-/projects/rank04/miniRT/miniRT_public/miniRT)
==2995387==    by 0x40887C: hit_shade (in /home/thblack-/projects/rank04/miniRT/miniRT_public/miniRT)
==2995387==    by 0x404C09: ray_trace (in /home/thblack-/projects/rank04/miniRT/miniRT_public/miniRT)
==2995387==    by 0x4086CC: thread_routine (in /home/thblack-/projects/rank04/miniRT/miniRT_public/miniRT)
==2995387==    by 0x4A53AC2: start_thread (pthread_create.c:442)
==2995387==    by 0x4AE4A73: clone (clone.S:100)
==2995387==  Uninitialised value was created by a stack allocation
==2995387==    at 0x404AB0: position_get (in /home/thblack-/projects/rank04/miniRT/miniRT_public/miniRT)
==2995387== 
{
   <insert_a_suppression_name_here>
   Memcheck:Cond
   fun:lighting
   fun:hit_shade
   fun:ray_trace
   fun:thread_routine
   fun:start_thread
   fun:clone
}
==2995387== Conditional jump or move depends on uninitialised value(s)
==2995387==    at 0x408977: lighting (in /home/thblack-/projects/rank04/miniRT/miniRT_public/miniRT)
==2995387==    by 0x40887C: hit_shade (in /home/thblack-/projects/rank04/miniRT/miniRT_public/miniRT)
==2995387==    by 0x404C09: ray_trace (in /home/thblack-/projects/rank04/miniRT/miniRT_public/miniRT)
==2995387==    by 0x4086CC: thread_routine (in /home/thblack-/projects/rank04/miniRT/miniRT_public/miniRT)
==2995387==    by 0x4A53AC2: start_thread (pthread_create.c:442)
==2995387==    by 0x4AE4A73: clone (clone.S:100)
==2995387==  Uninitialised value was created by a stack allocation
==2995387==    at 0x404AB0: position_get (in /home/thblack-/projects/rank04/miniRT/miniRT_public/miniRT)
==2995387== 
{
   <insert_a_suppression_name_here>
   Memcheck:Cond
   fun:lighting
   fun:hit_shade
   fun:ray_trace
   fun:thread_routine
   fun:start_thread
   fun:clone
}
==2995387== Conditional jump or move depends on uninitialised value(s)
==2995387==    at 0x408C43: reflection_diffuse (in /home/thblack-/projects/rank04/miniRT/miniRT_public/miniRT)
==2995387==    by 0x408995: lighting (in /home/thblack-/projects/rank04/miniRT/miniRT_public/miniRT)
==2995387==    by 0x40887C: hit_shade (in /home/thblack-/projects/rank04/miniRT/miniRT_public/miniRT)
==2995387==    by 0x404C09: ray_trace (in /home/thblack-/projects/rank04/miniRT/miniRT_public/miniRT)
==2995387==    by 0x4086CC: thread_routine (in /home/thblack-/projects/rank04/miniRT/miniRT_public/miniRT)
==2995387==    by 0x4A53AC2: start_thread (pthread_create.c:442)
==2995387==    by 0x4AE4A73: clone (clone.S:100)
==2995387==  Uninitialised value was created by a stack allocation
==2995387==    at 0x404AB0: position_get (in /home/thblack-/projects/rank04/miniRT/miniRT_public/miniRT)
==2995387== 
{
   <insert_a_suppression_name_here>
   Memcheck:Cond
   fun:reflection_diffuse
   fun:lighting
   fun:hit_shade
   fun:ray_trace
   fun:thread_routine
   fun:start_thread
   fun:clone
}
==2995387== Conditional jump or move depends on uninitialised value(s)
==2995387==    at 0x48E78DB: __ieee754_pow_fma (e_pow.c:292)
==2995387==    by 0x48A8E47: pow@@GLIBC_2.29 (w_pow_template.c:32)
==2995387==    by 0x408CC5: reflection_specular (in /home/thblack-/projects/rank04/miniRT/miniRT_public/miniRT)
==2995387==    by 0x408984: lighting (in /home/thblack-/projects/rank04/miniRT/miniRT_public/miniRT)
==2995387==    by 0x40887C: hit_shade (in /home/thblack-/projects/rank04/miniRT/miniRT_public/miniRT)
==2995387==    by 0x404C09: ray_trace (in /home/thblack-/projects/rank04/miniRT/miniRT_public/miniRT)
==2995387==    by 0x4086CC: thread_routine (in /home/thblack-/projects/rank04/miniRT/miniRT_public/miniRT)
==2995387==    by 0x4A53AC2: start_thread (pthread_create.c:442)
==2995387==    by 0x4AE4A73: clone (clone.S:100)
==2995387==  Uninitialised value was created by a stack allocation
==2995387==    at 0x404AB0: position_get (in /home/thblack-/projects/rank04/miniRT/miniRT_public/miniRT)
==2995387== 
{
   <insert_a_suppression_name_here>
   Memcheck:Cond
   fun:__ieee754_pow_fma
   fun:pow@@GLIBC_2.29
   fun:reflection_specular
   fun:lighting
   fun:hit_shade
   fun:ray_trace
   fun:thread_routine
   fun:start_thread
   fun:clone
}
==2995387== Use of uninitialised value of size 8
==2995387==    at 0x48E7978: log_inline (e_pow.c:88)
==2995387==    by 0x48E7978: __ieee754_pow_fma (e_pow.c:366)
==2995387==    by 0x48A8E47: pow@@GLIBC_2.29 (w_pow_template.c:32)
==2995387==    by 0x408CC5: reflection_specular (in /home/thblack-/projects/rank04/miniRT/miniRT_public/miniRT)
==2995387==    by 0x408984: lighting (in /home/thblack-/projects/rank04/miniRT/miniRT_public/miniRT)
==2995387==    by 0x40887C: hit_shade (in /home/thblack-/projects/rank04/miniRT/miniRT_public/miniRT)
==2995387==    by 0x404C09: ray_trace (in /home/thblack-/projects/rank04/miniRT/miniRT_public/miniRT)
==2995387==    by 0x4086CC: thread_routine (in /home/thblack-/projects/rank04/miniRT/miniRT_public/miniRT)
==2995387==    by 0x4A53AC2: start_thread (pthread_create.c:442)
==2995387==    by 0x4AE4A73: clone (clone.S:100)
==2995387==  Uninitialised value was created by a stack allocation
==2995387==    at 0x404AB0: position_get (in /home/thblack-/projects/rank04/miniRT/miniRT_public/miniRT)
==2995387== 
{
   <insert_a_suppression_name_here>
   Memcheck:Value8
   fun:log_inline
   fun:__ieee754_pow_fma
   fun:pow@@GLIBC_2.29
   fun:reflection_specular
   fun:lighting
   fun:hit_shade
   fun:ray_trace
   fun:thread_routine
   fun:start_thread
   fun:clone
}
==2995387== Conditional jump or move depends on uninitialised value(s)
==2995387==    at 0x48E7A27: exp_inline (e_pow.c:194)
==2995387==    by 0x48E7A27: __ieee754_pow_fma (e_pow.c:379)
==2995387==    by 0x48A8E47: pow@@GLIBC_2.29 (w_pow_template.c:32)
==2995387==    by 0x408CC5: reflection_specular (in /home/thblack-/projects/rank04/miniRT/miniRT_public/miniRT)
==2995387==    by 0x408984: lighting (in /home/thblack-/projects/rank04/miniRT/miniRT_public/miniRT)
==2995387==    by 0x40887C: hit_shade (in /home/thblack-/projects/rank04/miniRT/miniRT_public/miniRT)
==2995387==    by 0x404C09: ray_trace (in /home/thblack-/projects/rank04/miniRT/miniRT_public/miniRT)
==2995387==    by 0x4086CC: thread_routine (in /home/thblack-/projects/rank04/miniRT/miniRT_public/miniRT)
==2995387==    by 0x4A53AC2: start_thread (pthread_create.c:442)
==2995387==    by 0x4AE4A73: clone (clone.S:100)
==2995387== 
{
   <insert_a_suppression_name_here>
   Memcheck:Cond
   fun:exp_inline
   fun:__ieee754_pow_fma
   fun:pow@@GLIBC_2.29
   fun:reflection_specular
   fun:lighting
   fun:hit_shade
   fun:ray_trace
   fun:thread_routine
   fun:start_thread
   fun:clone
}
==2995387== Use of uninitialised value of size 8
==2995387==    at 0x48E7A7D: exp_inline (e_pow.c:237)
==2995387==    by 0x48E7A7D: __ieee754_pow_fma (e_pow.c:379)
==2995387==    by 0x48A8E47: pow@@GLIBC_2.29 (w_pow_template.c:32)
==2995387==    by 0x408CC5: reflection_specular (in /home/thblack-/projects/rank04/miniRT/miniRT_public/miniRT)
==2995387==    by 0x408984: lighting (in /home/thblack-/projects/rank04/miniRT/miniRT_public/miniRT)
==2995387==    by 0x40887C: hit_shade (in /home/thblack-/projects/rank04/miniRT/miniRT_public/miniRT)
==2995387==    by 0x404C09: ray_trace (in /home/thblack-/projects/rank04/miniRT/miniRT_public/miniRT)
==2995387==    by 0x4086CC: thread_routine (in /home/thblack-/projects/rank04/miniRT/miniRT_public/miniRT)
==2995387==    by 0x4A53AC2: start_thread (pthread_create.c:442)
==2995387==    by 0x4AE4A73: clone (clone.S:100)
==2995387== 
{
   <insert_a_suppression_name_here>
   Memcheck:Value8
   fun:exp_inline
   fun:__ieee754_pow_fma
   fun:pow@@GLIBC_2.29
   fun:reflection_specular
   fun:lighting
   fun:hit_shade
   fun:ray_trace
   fun:thread_routine
   fun:start_thread
   fun:clone
}
==2995387== Conditional jump or move depends on uninitialised value(s)
==2995387==    at 0x48E7ABB: exp_inline (e_pow.c:244)
==2995387==    by 0x48E7ABB: __ieee754_pow_fma (e_pow.c:379)
==2995387==    by 0x48A8E47: pow@@GLIBC_2.29 (w_pow_template.c:32)
==2995387==    by 0x408CC5: reflection_specular (in /home/thblack-/projects/rank04/miniRT/miniRT_public/miniRT)
==2995387==    by 0x408984: lighting (in /home/thblack-/projects/rank04/miniRT/miniRT_public/miniRT)
==2995387==    by 0x40887C: hit_shade (in /home/thblack-/projects/rank04/miniRT/miniRT_public/miniRT)
==2995387==    by 0x404C09: ray_trace (in /home/thblack-/projects/rank04/miniRT/miniRT_public/miniRT)
==2995387==    by 0x4086CC: thread_routine (in /home/thblack-/projects/rank04/miniRT/miniRT_public/miniRT)
==2995387==    by 0x4A53AC2: start_thread (pthread_create.c:442)
==2995387==    by 0x4AE4A73: clone (clone.S:100)
==2995387== 
{
   <insert_a_suppression_name_here>
   Memcheck:Cond
   fun:exp_inline
   fun:__ieee754_pow_fma
   fun:pow@@GLIBC_2.29
   fun:reflection_specular
   fun:lighting
   fun:hit_shade
   fun:ray_trace
   fun:thread_routine
   fun:start_thread
   fun:clone
}
==2995387== Conditional jump or move depends on uninitialised value(s)
==2995387==    at 0x48A8E6F: pow@@GLIBC_2.29 (w_pow_template.c:33)
==2995387==    by 0x408CC5: reflection_specular (in /home/thblack-/projects/rank04/miniRT/miniRT_public/miniRT)
==2995387==    by 0x408984: lighting (in /home/thblack-/projects/rank04/miniRT/miniRT_public/miniRT)
==2995387==    by 0x40887C: hit_shade (in /home/thblack-/projects/rank04/miniRT/miniRT_public/miniRT)
==2995387==    by 0x404C09: ray_trace (in /home/thblack-/projects/rank04/miniRT/miniRT_public/miniRT)
==2995387==    by 0x4086CC: thread_routine (in /home/thblack-/projects/rank04/miniRT/miniRT_public/miniRT)
==2995387==    by 0x4A53AC2: start_thread (pthread_create.c:442)
==2995387==    by 0x4AE4A73: clone (clone.S:100)
==2995387== 
{
   <insert_a_suppression_name_here>
   Memcheck:Cond
   fun:pow@@GLIBC_2.29
   fun:reflection_specular
   fun:lighting
   fun:hit_shade
   fun:ray_trace
   fun:thread_routine
   fun:start_thread
   fun:clone
}
==2995387== Conditional jump or move depends on uninitialised value(s)
==2995387==    at 0x48A8E79: pow@@GLIBC_2.29 (w_pow_template.c:45)
==2995387==    by 0x408CC5: reflection_specular (in /home/thblack-/projects/rank04/miniRT/miniRT_public/miniRT)
==2995387==    by 0x408984: lighting (in /home/thblack-/projects/rank04/miniRT/miniRT_public/miniRT)
==2995387==    by 0x40887C: hit_shade (in /home/thblack-/projects/rank04/miniRT/miniRT_public/miniRT)
==2995387==    by 0x404C09: ray_trace (in /home/thblack-/projects/rank04/miniRT/miniRT_public/miniRT)
==2995387==    by 0x4086CC: thread_routine (in /home/thblack-/projects/rank04/miniRT/miniRT_public/miniRT)
==2995387==    by 0x4A53AC2: start_thread (pthread_create.c:442)
==2995387==    by 0x4AE4A73: clone (clone.S:100)
==2995387== 
{
   <insert_a_suppression_name_here>
   Memcheck:Cond
   fun:pow@@GLIBC_2.29
   fun:reflection_specular
   fun:lighting
   fun:hit_shade
   fun:ray_trace
   fun:thread_routine
   fun:start_thread
   fun:clone
}
==2995387== Conditional jump or move depends on uninitialised value(s)
==2995387==    at 0x48A8E7B: pow@@GLIBC_2.29 (w_pow_template.c:45)
==2995387==    by 0x408CC5: reflection_specular (in /home/thblack-/projects/rank04/miniRT/miniRT_public/miniRT)
==2995387==    by 0x408984: lighting (in /home/thblack-/projects/rank04/miniRT/miniRT_public/miniRT)
==2995387==    by 0x40887C: hit_shade (in /home/thblack-/projects/rank04/miniRT/miniRT_public/miniRT)
==2995387==    by 0x404C09: ray_trace (in /home/thblack-/projects/rank04/miniRT/miniRT_public/miniRT)
==2995387==    by 0x4086CC: thread_routine (in /home/thblack-/projects/rank04/miniRT/miniRT_public/miniRT)
==2995387==    by 0x4A53AC2: start_thread (pthread_create.c:442)
==2995387==    by 0x4AE4A73: clone (clone.S:100)
==2995387== 
{
   <insert_a_suppression_name_here>
   Memcheck:Cond
   fun:pow@@GLIBC_2.29
   fun:reflection_specular
   fun:lighting
   fun:hit_shade
   fun:ray_trace
   fun:thread_routine
   fun:start_thread
   fun:clone
}
==2995387== Thread 10:
==2995387== Conditional jump or move depends on uninitialised value(s)
==2995387==    at 0x48E7B62: exp_inline (e_pow.c:197)
==2995387==    by 0x48E7B62: __ieee754_pow_fma (e_pow.c:379)
==2995387==    by 0x48A8E47: pow@@GLIBC_2.29 (w_pow_template.c:32)
==2995387==    by 0x408CC5: reflection_specular (in /home/thblack-/projects/rank04/miniRT/miniRT_public/miniRT)
==2995387==    by 0x408984: lighting (in /home/thblack-/projects/rank04/miniRT/miniRT_public/miniRT)
==2995387==    by 0x40887C: hit_shade (in /home/thblack-/projects/rank04/miniRT/miniRT_public/miniRT)
==2995387==    by 0x404C09: ray_trace (in /home/thblack-/projects/rank04/miniRT/miniRT_public/miniRT)
==2995387==    by 0x4086CC: thread_routine (in /home/thblack-/projects/rank04/miniRT/miniRT_public/miniRT)
==2995387==    by 0x4A53AC2: start_thread (pthread_create.c:442)
==2995387==    by 0x4AE4A73: clone (clone.S:100)
==2995387== 
{
   <insert_a_suppression_name_here>
   Memcheck:Cond
   fun:exp_inline
   fun:__ieee754_pow_fma
   fun:pow@@GLIBC_2.29
   fun:reflection_specular
   fun:lighting
   fun:hit_shade
   fun:ray_trace
   fun:thread_routine
   fun:start_thread
   fun:clone
}
==2995387== Conditional jump or move depends on uninitialised value(s)
==2995387==    at 0x48E7B6E: exp_inline (e_pow.c:204)
==2995387==    by 0x48E7B6E: __ieee754_pow_fma (e_pow.c:379)
==2995387==    by 0x48A8E47: pow@@GLIBC_2.29 (w_pow_template.c:32)
==2995387==    by 0x408CC5: reflection_specular (in /home/thblack-/projects/rank04/miniRT/miniRT_public/miniRT)
==2995387==    by 0x408984: lighting (in /home/thblack-/projects/rank04/miniRT/miniRT_public/miniRT)
==2995387==    by 0x40887C: hit_shade (in /home/thblack-/projects/rank04/miniRT/miniRT_public/miniRT)
==2995387==    by 0x404C09: ray_trace (in /home/thblack-/projects/rank04/miniRT/miniRT_public/miniRT)
==2995387==    by 0x4086CC: thread_routine (in /home/thblack-/projects/rank04/miniRT/miniRT_public/miniRT)
==2995387==    by 0x4A53AC2: start_thread (pthread_create.c:442)
==2995387==    by 0x4AE4A73: clone (clone.S:100)
==2995387== 
{
   <insert_a_suppression_name_here>
   Memcheck:Cond
   fun:exp_inline
   fun:__ieee754_pow_fma
   fun:pow@@GLIBC_2.29
   fun:reflection_specular
   fun:lighting
   fun:hit_shade
   fun:ray_trace
   fun:thread_routine
   fun:start_thread
   fun:clone
}
==2995387== Conditional jump or move depends on uninitialised value(s)
==2995387==    at 0x48E7B8E: specialcase (e_pow.c:145)
==2995387==    by 0x48E7B8E: exp_inline (e_pow.c:245)
==2995387==    by 0x48E7B8E: __ieee754_pow_fma (e_pow.c:379)
==2995387==    by 0x48A8E47: pow@@GLIBC_2.29 (w_pow_template.c:32)
==2995387==    by 0x408CC5: reflection_specular (in /home/thblack-/projects/rank04/miniRT/miniRT_public/miniRT)
==2995387==    by 0x408984: lighting (in /home/thblack-/projects/rank04/miniRT/miniRT_public/miniRT)
==2995387==    by 0x40887C: hit_shade (in /home/thblack-/projects/rank04/miniRT/miniRT_public/miniRT)
==2995387==    by 0x404C09: ray_trace (in /home/thblack-/projects/rank04/miniRT/miniRT_public/miniRT)
==2995387==    by 0x4086CC: thread_routine (in /home/thblack-/projects/rank04/miniRT/miniRT_public/miniRT)
==2995387==    by 0x4A53AC2: start_thread (pthread_create.c:442)
==2995387==    by 0x4AE4A73: clone (clone.S:100)
==2995387== 
{
   <insert_a_suppression_name_here>
   Memcheck:Cond
   fun:specialcase
   fun:exp_inline
   fun:__ieee754_pow_fma
   fun:pow@@GLIBC_2.29
   fun:reflection_specular
   fun:lighting
   fun:hit_shade
   fun:ray_trace
   fun:thread_routine
   fun:start_thread
   fun:clone
}
==2995387== Conditional jump or move depends on uninitialised value(s)
==2995387==    at 0x48E7BC2: specialcase (e_pow.c:158)
==2995387==    by 0x48E7BC2: exp_inline (e_pow.c:245)
==2995387==    by 0x48E7BC2: __ieee754_pow_fma (e_pow.c:379)
==2995387==    by 0x48A8E47: pow@@GLIBC_2.29 (w_pow_template.c:32)
==2995387==    by 0x408CC5: reflection_specular (in /home/thblack-/projects/rank04/miniRT/miniRT_public/miniRT)
==2995387==    by 0x408984: lighting (in /home/thblack-/projects/rank04/miniRT/miniRT_public/miniRT)
==2995387==    by 0x40887C: hit_shade (in /home/thblack-/projects/rank04/miniRT/miniRT_public/miniRT)
==2995387==    by 0x404C09: ray_trace (in /home/thblack-/projects/rank04/miniRT/miniRT_public/miniRT)
==2995387==    by 0x4086CC: thread_routine (in /home/thblack-/projects/rank04/miniRT/miniRT_public/miniRT)
==2995387==    by 0x4A53AC2: start_thread (pthread_create.c:442)
==2995387==    by 0x4AE4A73: clone (clone.S:100)
==2995387== 
{
   <insert_a_suppression_name_here>
   Memcheck:Cond
   fun:specialcase
   fun:exp_inline
   fun:__ieee754_pow_fma
   fun:pow@@GLIBC_2.29
   fun:reflection_specular
   fun:lighting
   fun:hit_shade
   fun:ray_trace
   fun:thread_routine
   fun:start_thread
   fun:clone
}
==2995387== Conditional jump or move depends on uninitialised value(s)
==2995387==    at 0x48E1A8C: __math_check_uflow (math_err.c:85)
==2995387==    by 0x48A8E47: pow@@GLIBC_2.29 (w_pow_template.c:32)
==2995387==    by 0x408CC5: reflection_specular (in /home/thblack-/projects/rank04/miniRT/miniRT_public/miniRT)
==2995387==    by 0x408984: lighting (in /home/thblack-/projects/rank04/miniRT/miniRT_public/miniRT)
==2995387==    by 0x40887C: hit_shade (in /home/thblack-/projects/rank04/miniRT/miniRT_public/miniRT)
==2995387==    by 0x404C09: ray_trace (in /home/thblack-/projects/rank04/miniRT/miniRT_public/miniRT)
==2995387==    by 0x4086CC: thread_routine (in /home/thblack-/projects/rank04/miniRT/miniRT_public/miniRT)
==2995387==    by 0x4A53AC2: start_thread (pthread_create.c:442)
==2995387==    by 0x4AE4A73: clone (clone.S:100)
==2995387== 
{
   <insert_a_suppression_name_here>
   Memcheck:Cond
   fun:__math_check_uflow
   fun:pow@@GLIBC_2.29
   fun:reflection_specular
   fun:lighting
   fun:hit_shade
   fun:ray_trace
   fun:thread_routine
   fun:start_thread
   fun:clone
}
==2995387== Conditional jump or move depends on uninitialised value(s)
==2995387==    at 0x48E1A8E: __math_check_uflow (math_err.c:85)
==2995387==    by 0x48A8E47: pow@@GLIBC_2.29 (w_pow_template.c:32)
==2995387==    by 0x408CC5: reflection_specular (in /home/thblack-/projects/rank04/miniRT/miniRT_public/miniRT)
==2995387==    by 0x408984: lighting (in /home/thblack-/projects/rank04/miniRT/miniRT_public/miniRT)
==2995387==    by 0x40887C: hit_shade (in /home/thblack-/projects/rank04/miniRT/miniRT_public/miniRT)
==2995387==    by 0x404C09: ray_trace (in /home/thblack-/projects/rank04/miniRT/miniRT_public/miniRT)
==2995387==    by 0x4086CC: thread_routine (in /home/thblack-/projects/rank04/miniRT/miniRT_public/miniRT)
==2995387==    by 0x4A53AC2: start_thread (pthread_create.c:442)
==2995387==    by 0x4AE4A73: clone (clone.S:100)
==2995387== 
{
   <insert_a_suppression_name_here>
   Memcheck:Cond
   fun:__math_check_uflow
   fun:pow@@GLIBC_2.29
   fun:reflection_specular
   fun:lighting
   fun:hit_shade
   fun:ray_trace
   fun:thread_routine
   fun:start_thread
   fun:clone
}
==2995387== Thread 12:
==2995387== Conditional jump or move depends on uninitialised value(s)
==2995387==    at 0x48E7CB3: specialcase (e_pow.c:172)
==2995387==    by 0x48E7CB3: exp_inline (e_pow.c:245)
==2995387==    by 0x48E7CB3: __ieee754_pow_fma (e_pow.c:379)
==2995387==    by 0x48A8E47: pow@@GLIBC_2.29 (w_pow_template.c:32)
==2995387==    by 0x408CC5: reflection_specular (in /home/thblack-/projects/rank04/miniRT/miniRT_public/miniRT)
==2995387==    by 0x408984: lighting (in /home/thblack-/projects/rank04/miniRT/miniRT_public/miniRT)
==2995387==    by 0x40887C: hit_shade (in /home/thblack-/projects/rank04/miniRT/miniRT_public/miniRT)
==2995387==    by 0x404C09: ray_trace (in /home/thblack-/projects/rank04/miniRT/miniRT_public/miniRT)
==2995387==    by 0x4086CC: thread_routine (in /home/thblack-/projects/rank04/miniRT/miniRT_public/miniRT)
==2995387==    by 0x4A53AC2: start_thread (pthread_create.c:442)
==2995387==    by 0x4AE4A73: clone (clone.S:100)
==2995387== 
{
   <insert_a_suppression_name_here>
   Memcheck:Cond
   fun:specialcase
   fun:exp_inline
   fun:__ieee754_pow_fma
   fun:pow@@GLIBC_2.29
   fun:reflection_specular
   fun:lighting
   fun:hit_shade
   fun:ray_trace
   fun:thread_routine
   fun:start_thread
   fun:clone
}
==2995387== Conditional jump or move depends on uninitialised value(s)
==2995387==    at 0x48A8EC4: pow@@GLIBC_2.29 (w_pow_template.c:45)
==2995387==    by 0x408CC5: reflection_specular (in /home/thblack-/projects/rank04/miniRT/miniRT_public/miniRT)
==2995387==    by 0x408984: lighting (in /home/thblack-/projects/rank04/miniRT/miniRT_public/miniRT)
==2995387==    by 0x40887C: hit_shade (in /home/thblack-/projects/rank04/miniRT/miniRT_public/miniRT)
==2995387==    by 0x404C09: ray_trace (in /home/thblack-/projects/rank04/miniRT/miniRT_public/miniRT)
==2995387==    by 0x4086CC: thread_routine (in /home/thblack-/projects/rank04/miniRT/miniRT_public/miniRT)
==2995387==    by 0x4A53AC2: start_thread (pthread_create.c:442)
==2995387==    by 0x4AE4A73: clone (clone.S:100)
==2995387==  Uninitialised value was created by a stack allocation
==2995387==    at 0x404AB0: position_get (in /home/thblack-/projects/rank04/miniRT/miniRT_public/miniRT)
==2995387== 
{
   <insert_a_suppression_name_here>
   Memcheck:Cond
   fun:pow@@GLIBC_2.29
   fun:reflection_specular
   fun:lighting
   fun:hit_shade
   fun:ray_trace
   fun:thread_routine
   fun:start_thread
   fun:clone
}
==2995387== Conditional jump or move depends on uninitialised value(s)
==2995387==    at 0x48A8ECA: pow@@GLIBC_2.29 (w_pow_template.c:45)
==2995387==    by 0x408CC5: reflection_specular (in /home/thblack-/projects/rank04/miniRT/miniRT_public/miniRT)
==2995387==    by 0x408984: lighting (in /home/thblack-/projects/rank04/miniRT/miniRT_public/miniRT)
==2995387==    by 0x40887C: hit_shade (in /home/thblack-/projects/rank04/miniRT/miniRT_public/miniRT)
==2995387==    by 0x404C09: ray_trace (in /home/thblack-/projects/rank04/miniRT/miniRT_public/miniRT)
==2995387==    by 0x4086CC: thread_routine (in /home/thblack-/projects/rank04/miniRT/miniRT_public/miniRT)
==2995387==    by 0x4A53AC2: start_thread (pthread_create.c:442)
==2995387==    by 0x4AE4A73: clone (clone.S:100)
==2995387==  Uninitialised value was created by a stack allocation
==2995387==    at 0x404AB0: position_get (in /home/thblack-/projects/rank04/miniRT/miniRT_public/miniRT)
==2995387== 
{
   <insert_a_suppression_name_here>
   Memcheck:Cond
   fun:pow@@GLIBC_2.29
   fun:reflection_specular
   fun:lighting
   fun:hit_shade
   fun:ray_trace
   fun:thread_routine
   fun:start_thread
   fun:clone
}
==2995387== Thread 10:
==2995387== Conditional jump or move depends on uninitialised value(s)
==2995387==    at 0x404A29: closest_forward_hit_get (in /home/thblack-/projects/rank04/miniRT/miniRT_public/miniRT)
==2995387==    by 0x4066F9: sphere_hit_get (in /home/thblack-/projects/rank04/miniRT/miniRT_public/miniRT)
==2995387==    by 0x408B33: is_shadowed (in /home/thblack-/projects/rank04/miniRT/miniRT_public/miniRT)
==2995387==    by 0x408831: hit_shade (in /home/thblack-/projects/rank04/miniRT/miniRT_public/miniRT)
==2995387==    by 0x404C09: ray_trace (in /home/thblack-/projects/rank04/miniRT/miniRT_public/miniRT)
==2995387==    by 0x4086CC: thread_routine (in /home/thblack-/projects/rank04/miniRT/miniRT_public/miniRT)
==2995387==    by 0x4A53AC2: start_thread (pthread_create.c:442)
==2995387==    by 0x4AE4A73: clone (clone.S:100)
==2995387==  Uninitialised value was created by a stack allocation
==2995387==    at 0x408A10: is_shadowed (in /home/thblack-/projects/rank04/miniRT/miniRT_public/miniRT)
==2995387== 
{
   <insert_a_suppression_name_here>
   Memcheck:Cond
   fun:closest_forward_hit_get
   fun:sphere_hit_get
   fun:is_shadowed
   fun:hit_shade
   fun:ray_trace
   fun:thread_routine
   fun:start_thread
   fun:clone
}
==2995387== Conditional jump or move depends on uninitialised value(s)
==2995387==    at 0x404A33: closest_forward_hit_get (in /home/thblack-/projects/rank04/miniRT/miniRT_public/miniRT)
==2995387==    by 0x4066F9: sphere_hit_get (in /home/thblack-/projects/rank04/miniRT/miniRT_public/miniRT)
==2995387==    by 0x408B33: is_shadowed (in /home/thblack-/projects/rank04/miniRT/miniRT_public/miniRT)
==2995387==    by 0x408831: hit_shade (in /home/thblack-/projects/rank04/miniRT/miniRT_public/miniRT)
==2995387==    by 0x404C09: ray_trace (in /home/thblack-/projects/rank04/miniRT/miniRT_public/miniRT)
==2995387==    by 0x4086CC: thread_routine (in /home/thblack-/projects/rank04/miniRT/miniRT_public/miniRT)
==2995387==    by 0x4A53AC2: start_thread (pthread_create.c:442)
==2995387==    by 0x4AE4A73: clone (clone.S:100)
==2995387==  Uninitialised value was created by a stack allocation
==2995387==    at 0x408A10: is_shadowed (in /home/thblack-/projects/rank04/miniRT/miniRT_public/miniRT)
==2995387== 
{
   <insert_a_suppression_name_here>
   Memcheck:Cond
   fun:closest_forward_hit_get
   fun:sphere_hit_get
   fun:is_shadowed
   fun:hit_shade
   fun:ray_trace
   fun:thread_routine
   fun:start_thread
   fun:clone
}
==2995387== Conditional jump or move depends on uninitialised value(s)
==2995387==    at 0x408B47: is_shadowed (in /home/thblack-/projects/rank04/miniRT/miniRT_public/miniRT)
==2995387==    by 0x408831: hit_shade (in /home/thblack-/projects/rank04/miniRT/miniRT_public/miniRT)
==2995387==    by 0x404C09: ray_trace (in /home/thblack-/projects/rank04/miniRT/miniRT_public/miniRT)
==2995387==    by 0x4086CC: thread_routine (in /home/thblack-/projects/rank04/miniRT/miniRT_public/miniRT)
==2995387==    by 0x4A53AC2: start_thread (pthread_create.c:442)
==2995387==    by 0x4AE4A73: clone (clone.S:100)
==2995387==  Uninitialised value was created by a stack allocation
==2995387==    at 0x408A10: is_shadowed (in /home/thblack-/projects/rank04/miniRT/miniRT_public/miniRT)
==2995387== 
{
   <insert_a_suppression_name_here>
   Memcheck:Cond
   fun:is_shadowed
   fun:hit_shade
   fun:ray_trace
   fun:thread_routine
   fun:start_thread
   fun:clone
}
==2995387== Conditional jump or move depends on uninitialised value(s)
==2995387==    at 0x408B51: is_shadowed (in /home/thblack-/projects/rank04/miniRT/miniRT_public/miniRT)
==2995387==    by 0x408831: hit_shade (in /home/thblack-/projects/rank04/miniRT/miniRT_public/miniRT)
==2995387==    by 0x404C09: ray_trace (in /home/thblack-/projects/rank04/miniRT/miniRT_public/miniRT)
==2995387==    by 0x4086CC: thread_routine (in /home/thblack-/projects/rank04/miniRT/miniRT_public/miniRT)
==2995387==    by 0x4A53AC2: start_thread (pthread_create.c:442)
==2995387==    by 0x4AE4A73: clone (clone.S:100)
==2995387==  Uninitialised value was created by a stack allocation
==2995387==    at 0x408A10: is_shadowed (in /home/thblack-/projects/rank04/miniRT/miniRT_public/miniRT)
==2995387== 
{
   <insert_a_suppression_name_here>
   Memcheck:Cond
   fun:is_shadowed
   fun:hit_shade
   fun:ray_trace
   fun:thread_routine
   fun:start_thread
   fun:clone
}
==2995387== Thread 9:
==2995387== Conditional jump or move depends on uninitialised value(s)
==2995387==    at 0x48E7B77: exp_inline (e_pow.c:207)
==2995387==    by 0x48E7B77: __ieee754_pow_fma (e_pow.c:379)
==2995387==    by 0x48A8E47: pow@@GLIBC_2.29 (w_pow_template.c:32)
==2995387==    by 0x408CC5: reflection_specular (in /home/thblack-/projects/rank04/miniRT/miniRT_public/miniRT)
==2995387==    by 0x408984: lighting (in /home/thblack-/projects/rank04/miniRT/miniRT_public/miniRT)
==2995387==    by 0x40887C: hit_shade (in /home/thblack-/projects/rank04/miniRT/miniRT_public/miniRT)
==2995387==    by 0x404C09: ray_trace (in /home/thblack-/projects/rank04/miniRT/miniRT_public/miniRT)
==2995387==    by 0x4086CC: thread_routine (in /home/thblack-/projects/rank04/miniRT/miniRT_public/miniRT)
==2995387==    by 0x4A53AC2: start_thread (pthread_create.c:442)
==2995387==    by 0x4AE4A73: clone (clone.S:100)
==2995387== 
{
   <insert_a_suppression_name_here>
   Memcheck:Cond
   fun:exp_inline
   fun:__ieee754_pow_fma
   fun:pow@@GLIBC_2.29
   fun:reflection_specular
   fun:lighting
   fun:hit_shade
   fun:ray_trace
   fun:thread_routine
   fun:start_thread
   fun:clone
}
==2995387== 
==2995387== HEAP SUMMARY:
==2995387==     in use at exit: 319,011 bytes in 3,109 blocks
==2995387==   total heap usage: 77,830 allocs, 74,721 frees, 21,538,307 bytes allocated
==2995387== 
==2995387== LEAK SUMMARY:
==2995387==    definitely lost: 32 bytes in 2 blocks
==2995387==    indirectly lost: 1,024 bytes in 1 blocks
==2995387==      possibly lost: 0 bytes in 0 blocks
==2995387==    still reachable: 317,955 bytes in 3,106 blocks
==2995387==         suppressed: 0 bytes in 0 blocks
==2995387== Rerun with --leak-check=full to see details of leaked memory
==2995387== 
==2995387== For lists of detected and suppressed errors, rerun with: -s
==2995387== ERROR SUMMARY: 11008 errors from 34 contexts (suppressed: 0 from 0)
